// Jest Snapshot v1, https://goo.gl/fbAQLP

exports[`Team container Team structure renders children correctly 1`] = `
<div
  className="wrap"
>
  <div
    className="searchHolder"
  >
    <div
      className="searchField"
    >
      <form
        onSubmit={[Function]}
      >
        <input
          className="inputField"
          id="searchInput"
          onBlur={[Function]}
          onChange={[Function]}
          onFocus={[Function]}
          placeholder="Type to search movies"
          type="text"
          value=""
        />
        <button
          type="submit"
        />
      </form>
    </div>
  </div>
</div>
`;
